acpi
base
base-devel
bat
bc
bluedevil
bottom
breeze
breeze-gtk
brillo
catppuccin-gtk-theme-mocha
cava
cmatrix
cronie
deno
discover
dolphin
drkonqi
efibootmgr
eww-wayland
exa
fd
ffmpegthumbnailer
firefox
firefox-i18n-ar
flatpak-kcm
fzf
git
git-delta
glib
gnumeric
go
grub
gtk-engine-murrine
hyprland-git
hyprpaper-git
imagemagick
inkscape
jq
kactivitymanagerd
kde-cli-tools
kdeconnect
kdecoration
kde-gtk-config
kdeplasma-addons
keepassxc
kgamma5
khotkeys
kinfocenter
kitty
kmenuedit
kpipewire
kscreen
kscreenlocker
ksshaskpass
ksystemstats
kwallet-pam
kwayland-integration
kwin
kwrited
layer-shell-qt
lazygit
lf
lib32-gcc-libs
libkscreen
libksysguard
light
linux
linux-firmware
mailspring
man-db
microsoft-edge-stable-bin
milou
mpc
mpd
ncmpcpp
neofetch
neovim
nerd-fonts-complete-starship
nerd-fonts-sf-mono
net-tools
networkmanager
nodejs
noto-fonts-cjk
noto-fonts-emoji
npm
openssh
otf-sfmono-patched
oxygen
oxygen-sounds
pamixer
paru
pavucontrol
pipes.sh
plasma-browser-integration
plasma-desktop
plasma-disks
plasma-firewall
plasma-integration
plasma-nm
plasma-pa
plasma-sdk
plasma-systemmonitor
plasma-thunderbolt
plasma-vault
plasma-welcome
plasma-workspace
plasma-workspace-wallpapers
playerctl
pnpm
polkit-kde-agent
powerdevil
pulsemixer
python-markupsafe
python-pip
ripgrep
rofi
rsync
rustup
samba
sddm
sddm-catppuccin-git
sddm-kcm
sof-firmware
starship
systemsettings
telegram-desktop
thefuck
time
tldr
transmission-qt
tree
ttf-ubuntu-arabic
udiskie
ufw
unrar
unzip
update-grub
vim
vlc
vlc-arc-dark-git
wev
wget
wl-clipboard
wlogout-git
xclip
xdg-desktop-portal-kde
xsel
yarn
yt-dlp
zk
zoxide
zsh-completions
