acpi
android-file-transfer
archlinux-keyring
autoconf
autoconf-archive
automake
base
bat
bc
binutils
bison
bottom
brillo
catdoc
catppuccin-cursors-mocha
catppuccin-gtk-theme-mocha
catppuccin-mocha-grub-theme-git
cava
chafa
cmatrix
cmus
cronie
debugedit
dmalloc
docx2txt
dunst
efibootmgr
eog
eww-wayland
exa
exiftags
exo
fakeroot
fd
ffmpegthumbnailer
file
file-roller
findutils
firefox
fish
flex
font-manager
fzf
gawk
gcc
gettext
git
git-delta-git
gnome-keyring
gnumeric
gojq
grep
grimblast-git
groff
grub
gruvbox-material-gtk-theme-git
gtk-engine-murrine
gzip
hyprland
hyprpaper-git
imagemagick
iniparser
inkscape
jaq
jq
kdeconnect
keepassxc
kitty
lazygit
lf
libinput-gestures-git
libtool
light
linux
linux-firmware
luarocks
ly
m4
mailspring
make
man-db
mpc
mpd
ncmpcpp
neofetch
neovim
nerd-fonts-jetbrains-mono-160
netstandard-targeting-pack
net-tools
networkmanager
nodejs
noto-fonts
noto-fonts-cjk
noto-fonts-emoji
npm
ntfs-3g
nwg-look-bin
odt2txt
openssh
pacman
pamixer
paru-git
patch
pavucontrol
perl-image-exiftool
pipes.sh
pkgconf
playerctl
polkit-kde-agent
poppler
pulseaudio
pulsemixer
python-markupsafe
python-pip
python-suntime
ripgrep
rofi-lbonn-wayland-git
rsync
samba
sed
socat
sof-firmware
sudo
swaylock-effects-git
telegram-desktop
termusic-git
texinfo
thefuck
thunar
thunar-archive-plugin
tldr
tree
tty-clock-git
ueberzug
ufw
unrar
unzip
update-grub
vi
vim
visual-studio-code-bin
vlc
wev
wget
which
wl-clipboard
wlogout-git
wlr-randr
wmctrl
yay
zk
zoxide
zsh
zsh-completions
